{
  "status": "ProbeCompleted",
  "cases": [
    {
      "p": 5,
      "input_mutation": "route_ids",
      "accepted_record_changed": true,
      "before_history": {
        "route_ids": [
          "A-B",
          "B-C"
        ],
        "scopes": [
          "A",
          "B",
          "C"
        ],
        "coordinate_changes": [
          [
            1,
            2,
            1,
            1
          ],
          [
            1,
            1,
            0,
            1
          ]
        ]
      },
      "after_history": {
        "route_ids": [
          "B-C",
          "A-B"
        ],
        "scopes": [
          "A",
          "B",
          "C"
        ],
        "coordinate_changes": [
          [
            1,
            2,
            1,
            1
          ],
          [
            1,
            1,
            0,
            1
          ]
        ]
      },
      "before_frame": {
        "scope": "B",
        "p": 5,
        "alphabet": [
          "a",
          "b",
          "A",
          "B"
        ],
        "generators": [
          [
            1,
            2,
            3,
            0
          ],
          [
            1,
            1,
            1,
            2
          ]
        ],
        "ordered_probes": [
          2,
          4,
          1
        ],
        "predicate_set": [
          2,
          4
        ]
      },
      "after_frame": {
        "scope": "B",
        "p": 5,
        "alphabet": [
          "a",
          "b",
          "A",
          "B"
        ],
        "generators": [
          [
            1,
            2,
            3,
            0
          ],
          [
            1,
            1,
            1,
            2
          ]
        ],
        "ordered_probes": [
          2,
          4,
          1
        ],
        "predicate_set": [
          2,
          4
        ]
      }
    },
    {
      "p": 5,
      "input_mutation": "first_H",
      "accepted_record_changed": true,
      "before_history": {
        "route_ids": [
          "A-B",
          "B-C"
        ],
        "scopes": [
          "A",
          "B",
          "C"
        ],
        "coordinate_changes": [
          [
            1,
            2,
            1,
            1
          ],
          [
            1,
            1,
            0,
            1
          ]
        ]
      },
      "after_history": {
        "route_ids": [
          "A-B",
          "B-C"
        ],
        "scopes": [
          "A",
          "B",
          "C"
        ],
        "coordinate_changes": [
          [
            2,
            2,
            1,
            1
          ],
          [
            1,
            1,
            0,
            1
          ]
        ]
      },
      "before_frame": {
        "scope": "B",
        "p": 5,
        "alphabet": [
          "a",
          "b",
          "A",
          "B"
        ],
        "generators": [
          [
            1,
            2,
            3,
            0
          ],
          [
            1,
            1,
            1,
            2
          ]
        ],
        "ordered_probes": [
          2,
          4,
          1
        ],
        "predicate_set": [
          2,
          4
        ]
      },
      "after_frame": {
        "scope": "B",
        "p": 5,
        "alphabet": [
          "a",
          "b",
          "A",
          "B"
        ],
        "generators": [
          [
            1,
            2,
            3,
            0
          ],
          [
            1,
            1,
            1,
            2
          ]
        ],
        "ordered_probes": [
          2,
          4,
          1
        ],
        "predicate_set": [
          2,
          4
        ]
      }
    },
    {
      "p": 5,
      "input_mutation": "second_H",
      "accepted_record_changed": true,
      "before_history": {
        "route_ids": [
          "A-B",
          "B-C"
        ],
        "scopes": [
          "A",
          "B",
          "C"
        ],
        "coordinate_changes": [
          [
            1,
            2,
            1,
            1
          ],
          [
            1,
            1,
            0,
            1
          ]
        ]
      },
      "after_history": {
        "route_ids": [
          "A-B",
          "B-C"
        ],
        "scopes": [
          "A",
          "B",
          "C"
        ],
        "coordinate_changes": [
          [
            1,
            2,
            1,
            1
          ],
          [
            2,
            1,
            0,
            1
          ]
        ]
      },
      "before_frame": {
        "scope": "B",
        "p": 5,
        "alphabet": [
          "a",
          "b",
          "A",
          "B"
        ],
        "generators": [
          [
            1,
            2,
            3,
            0
          ],
          [
            1,
            1,
            1,
            2
          ]
        ],
        "ordered_probes": [
          2,
          4,
          1
        ],
        "predicate_set": [
          2,
          4
        ]
      },
      "after_frame": {
        "scope": "B",
        "p": 5,
        "alphabet": [
          "a",
          "b",
          "A",
          "B"
        ],
        "generators": [
          [
            1,
            2,
            3,
            0
          ],
          [
            1,
            1,
            1,
            2
          ]
        ],
        "ordered_probes": [
          2,
          4,
          1
        ],
        "predicate_set": [
          2,
          4
        ]
      }
    },
    {
      "p": 5,
      "input_mutation": "middle_probes",
      "accepted_record_changed": true,
      "before_history": {
        "route_ids": [
          "A-B",
          "B-C"
        ],
        "scopes": [
          "A",
          "B",
          "C"
        ],
        "coordinate_changes": [
          [
            1,
            2,
            1,
            1
          ],
          [
            1,
            1,
            0,
            1
          ]
        ]
      },
      "after_history": {
        "route_ids": [
          "A-B",
          "B-C"
        ],
        "scopes": [
          "A",
          "B",
          "C"
        ],
        "coordinate_changes": [
          [
            1,
            2,
            1,
            1
          ],
          [
            1,
            1,
            0,
            1
          ]
        ]
      },
      "before_frame": {
        "scope": "B",
        "p": 5,
        "alphabet": [
          "a",
          "b",
          "A",
          "B"
        ],
        "generators": [
          [
            1,
            2,
            3,
            0
          ],
          [
            1,
            1,
            1,
            2
          ]
        ],
        "ordered_probes": [
          2,
          4,
          1
        ],
        "predicate_set": [
          2,
          4
        ]
      },
      "after_frame": {
        "scope": "B",
        "p": 5,
        "alphabet": [
          "a",
          "b",
          "A",
          "B"
        ],
        "generators": [
          [
            1,
            2,
            3,
            0
          ],
          [
            1,
            1,
            1,
            2
          ]
        ],
        "ordered_probes": [
          1,
          4,
          2
        ],
        "predicate_set": [
          2,
          4
        ]
      }
    },
    {
      "p": 7,
      "input_mutation": "route_ids",
      "accepted_record_changed": true,
      "before_history": {
        "route_ids": [
          "A-B",
          "B-C"
        ],
        "scopes": [
          "A",
          "B",
          "C"
        ],
        "coordinate_changes": [
          [
            1,
            2,
            1,
            1
          ],
          [
            1,
            1,
            0,
            1
          ]
        ]
      },
      "after_history": {
        "route_ids": [
          "B-C",
          "A-B"
        ],
        "scopes": [
          "A",
          "B",
          "C"
        ],
        "coordinate_changes": [
          [
            1,
            2,
            1,
            1
          ],
          [
            1,
            1,
            0,
            1
          ]
        ]
      },
      "before_frame": {
        "scope": "B",
        "p": 7,
        "alphabet": [
          "a",
          "b",
          "A",
          "B"
        ],
        "generators": [
          [
            1,
            3,
            4,
            0
          ],
          [
            1,
            3,
            1,
            4
          ]
        ],
        "ordered_probes": [
          2,
          5,
          1
        ],
        "predicate_set": [
          2,
          5
        ]
      },
      "after_frame": {
        "scope": "B",
        "p": 7,
        "alphabet": [
          "a",
          "b",
          "A",
          "B"
        ],
        "generators": [
          [
            1,
            3,
            4,
            0
          ],
          [
            1,
            3,
            1,
            4
          ]
        ],
        "ordered_probes": [
          2,
          5,
          1
        ],
        "predicate_set": [
          2,
          5
        ]
      }
    },
    {
      "p": 7,
      "input_mutation": "first_H",
      "accepted_record_changed": true,
      "before_history": {
        "route_ids": [
          "A-B",
          "B-C"
        ],
        "scopes": [
          "A",
          "B",
          "C"
        ],
        "coordinate_changes": [
          [
            1,
            2,
            1,
            1
          ],
          [
            1,
            1,
            0,
            1
          ]
        ]
      },
      "after_history": {
        "route_ids": [
          "A-B",
          "B-C"
        ],
        "scopes": [
          "A",
          "B",
          "C"
        ],
        "coordinate_changes": [
          [
            2,
            2,
            1,
            1
          ],
          [
            1,
            1,
            0,
            1
          ]
        ]
      },
      "before_frame": {
        "scope": "B",
        "p": 7,
        "alphabet": [
          "a",
          "b",
          "A",
          "B"
        ],
        "generators": [
          [
            1,
            3,
            4,
            0
          ],
          [
            1,
            3,
            1,
            4
          ]
        ],
        "ordered_probes": [
          2,
          5,
          1
        ],
        "predicate_set": [
          2,
          5
        ]
      },
      "after_frame": {
        "scope": "B",
        "p": 7,
        "alphabet": [
          "a",
          "b",
          "A",
          "B"
        ],
        "generators": [
          [
            1,
            3,
            4,
            0
          ],
          [
            1,
            3,
            1,
            4
          ]
        ],
        "ordered_probes": [
          2,
          5,
          1
        ],
        "predicate_set": [
          2,
          5
        ]
      }
    },
    {
      "p": 7,
      "input_mutation": "second_H",
      "accepted_record_changed": true,
      "before_history": {
        "route_ids": [
          "A-B",
          "B-C"
        ],
        "scopes": [
          "A",
          "B",
          "C"
        ],
        "coordinate_changes": [
          [
            1,
            2,
            1,
            1
          ],
          [
            1,
            1,
            0,
            1
          ]
        ]
      },
      "after_history": {
        "route_ids": [
          "A-B",
          "B-C"
        ],
        "scopes": [
          "A",
          "B",
          "C"
        ],
        "coordinate_changes": [
          [
            1,
            2,
            1,
            1
          ],
          [
            2,
            1,
            0,
            1
          ]
        ]
      },
      "before_frame": {
        "scope": "B",
        "p": 7,
        "alphabet": [
          "a",
          "b",
          "A",
          "B"
        ],
        "generators": [
          [
            1,
            3,
            4,
            0
          ],
          [
            1,
            3,
            1,
            4
          ]
        ],
        "ordered_probes": [
          2,
          5,
          1
        ],
        "predicate_set": [
          2,
          5
        ]
      },
      "after_frame": {
        "scope": "B",
        "p": 7,
        "alphabet": [
          "a",
          "b",
          "A",
          "B"
        ],
        "generators": [
          [
            1,
            3,
            4,
            0
          ],
          [
            1,
            3,
            1,
            4
          ]
        ],
        "ordered_probes": [
          2,
          5,
          1
        ],
        "predicate_set": [
          2,
          5
        ]
      }
    },
    {
      "p": 7,
      "input_mutation": "middle_probes",
      "accepted_record_changed": true,
      "before_history": {
        "route_ids": [
          "A-B",
          "B-C"
        ],
        "scopes": [
          "A",
          "B",
          "C"
        ],
        "coordinate_changes": [
          [
            1,
            2,
            1,
            1
          ],
          [
            1,
            1,
            0,
            1
          ]
        ]
      },
      "after_history": {
        "route_ids": [
          "A-B",
          "B-C"
        ],
        "scopes": [
          "A",
          "B",
          "C"
        ],
        "coordinate_changes": [
          [
            1,
            2,
            1,
            1
          ],
          [
            1,
            1,
            0,
            1
          ]
        ]
      },
      "before_frame": {
        "scope": "B",
        "p": 7,
        "alphabet": [
          "a",
          "b",
          "A",
          "B"
        ],
        "generators": [
          [
            1,
            3,
            4,
            0
          ],
          [
            1,
            3,
            1,
            4
          ]
        ],
        "ordered_probes": [
          2,
          5,
          1
        ],
        "predicate_set": [
          2,
          5
        ]
      },
      "after_frame": {
        "scope": "B",
        "p": 7,
        "alphabet": [
          "a",
          "b",
          "A",
          "B"
        ],
        "generators": [
          [
            1,
            3,
            4,
            0
          ],
          [
            1,
            3,
            1,
            4
          ]
        ],
        "ordered_probes": [
          1,
          5,
          2
        ],
        "predicate_set": [
          2,
          5
        ]
      }
    }
  ],
  "work_units": 26696
}
