   Compiling proc-macro2 v1.0.107
   Compiling quote v1.0.47
   Compiling unicode-ident v1.0.24
   Compiling serde_core v1.0.229
   Compiling zmij v1.0.23
   Compiling serde v1.0.229
   Compiling autocfg v1.5.1
   Compiling thiserror v2.0.20
   Compiling serde_json v1.0.151
   Compiling shlex v2.0.1
   Compiling num-traits v0.2.19
   Compiling find-msvc-tools v0.1.12
   Compiling memchr v2.8.3
   Compiling itoa v1.0.18
   Compiling cc v1.4.5
   Compiling arrayvec v0.7.8
   Compiling cpufeatures v0.3.1
   Compiling cfg-if v1.0.4
   Compiling constant_time_eq v0.4.2
   Compiling num-integer v0.1.47
   Compiling syn v3.0.5
   Compiling blake3 v1.8.7
   Compiling serde_derive v1.0.229
   Compiling thiserror-impl v2.0.20
   Compiling adva-ir v0.1.0 (/workspace/scratch/e83be47dbd2c/adva-bootstrap/target/bootstrap-source-check/adva-bootstrap/crates/adva-ir)
   Compiling num-bigint v0.4.8
   Compiling adva-lisp v0.1.0 (/workspace/scratch/e83be47dbd2c/adva-bootstrap/target/bootstrap-source-check/adva-bootstrap/crates/adva-lisp)
   Compiling adva-witness v0.1.0 (/workspace/scratch/e83be47dbd2c/adva-bootstrap/target/bootstrap-source-check/adva-bootstrap/crates/adva-witness)
    Finished `release` profile [optimized] target(s) in 1m 16s
