Cargo.lock: OK
Cargo.toml: OK
LICENSE: OK
adva-library/LICENSE: OK
adva-library/stability/README.md: OK
adva-library/stability/epoch-0000.json: OK
adva-library/stability/epoch-0001.json: OK
crates/adva-ir/Cargo.toml: OK
crates/adva-ir/src/certificate.rs: OK
crates/adva-ir/src/diagram.rs: OK
crates/adva-ir/src/graft.rs: OK
crates/adva-ir/src/ids.rs: OK
crates/adva-ir/src/lib.rs: OK
crates/adva-ir/src/process.rs: OK
crates/adva-ir/src/term.rs: OK
crates/adva-lisp/Cargo.toml: OK
crates/adva-lisp/src/compile.rs: OK
crates/adva-lisp/src/eval.rs: OK
crates/adva-lisp/src/lib.rs: OK
crates/adva-lisp/src/module.rs: OK
crates/adva-lisp/src/operation.rs: OK
crates/adva-lisp/src/parser.rs: OK
crates/adva-lisp/src/process.rs: OK
crates/adva-lisp/src/validate.rs: OK
crates/adva-python/Cargo.toml: OK
crates/adva-python/src/lib.rs: OK
crates/adva-witness/Cargo.toml: OK
crates/adva-witness/src/arithmetic.rs: OK
crates/adva-witness/src/bin/adva-prime-verify.rs: OK
crates/adva-witness/src/bin/adva.rs: OK
crates/adva-witness/src/bin/support/library_cli.rs: OK
crates/adva-witness/src/bin/support/native_run_cli.rs: OK
crates/adva-witness/src/boundary.rs: OK
crates/adva-witness/src/closure_transport.rs: OK
crates/adva-witness/src/free_roundtrip.rs: OK
crates/adva-witness/src/hypothesis_formation.rs: OK
crates/adva-witness/src/inquiry.rs: OK
crates/adva-witness/src/lib.rs: OK
crates/adva-witness/src/library_checkpoint.rs: OK
crates/adva-witness/src/magic_square.rs: OK
crates/adva-witness/src/mechanism.rs: OK
crates/adva-witness/src/native_run.rs: OK
crates/adva-witness/src/persistence.rs: OK
crates/adva-witness/src/prime_certificate.rs: OK
crates/adva-witness/src/problem_value.rs: OK
crates/adva-witness/src/relation.rs: OK
crates/adva-witness/src/reveal.rs: OK
crates/adva-witness/src/seed.rs: OK
crates/adva-witness/src/trace_arithmetic.rs: OK
crates/adva-witness/src/trace_projection.rs: OK
crates/adva-witness/src/verification.rs: OK
crates/adva-witness/src/witness.rs: OK
crates/adva-witness/tests/library_cli.rs: OK
crates/adva-witness/tests/native_run_cli.rs: OK
docs/BOOTSTRAP_RUNTIME_V0.md: OK
experiments/labs-search/Cargo.toml: OK
experiments/labs-search/src/lib.rs: OK
experiments/labs-search/src/main.rs: OK
programs/native-run/arithmetic.adva: OK
scripts/bootstrap-build.sh: OK
scripts/check_bootstrap.py: OK
scripts/package_bootstrap.py: OK
state=Completed
output=reports/arithmetic.adva
status="SnapshotChecked"; output=reports/check.json
status="ReuseChecked"; output=reports/reuse.json
Build and command invocations finished. Validate the report contents with:
python3 /workspace/scratch/e83be47dbd2c/adva-bootstrap/target/bootstrap-source-check/adva-bootstrap/scripts/check_bootstrap.py /workspace/scratch/e83be47dbd2c/adva-bootstrap/target/clean-bootstrap-bundle
