Metamath - Version 0.199.pre 29-Jan-2022      Type HELP for help, EXIT to exit.
MM> Continuous scrolling is now in effect.
MM> Reading source file "/home/ubuntu/adva/docs/research/0152-evidence/run-02/negat
ive.mm"... 131 bytes
Reading included file "/home/ubuntu/MetaMath/set.mm/set.mm"... 51125969 bytes
51126164 bytes were read into the source buffer.
The source has 250557 statements; 3008 are $a and 47671 are $p.
No errors were found.  However, proofs were not checked.  Type VERIFY PROOF *
if you want to check them.
MM> adva152bad 
?Error on line 2 of file
"/home/ubuntu/adva/docs/research/0152-evidence/run-02/negative.mm" at statement
250557, label "adva152bad", type "$p":
adva152bad $p |- ( A e. CC -> ( 2 x. A ) = A ) $= cA cc wcel cA cA cc wcel id 2
timesd $.
                                                                              ^
^^^^^^
The result of the proof (step 9) does not match the statement being proved. 
The result is "|- ( A e. CC -> ( 2 x. A ) = ( A + A ) )" but the statement is
"|- ( A e. CC -> ( 2 x. A ) = A )".  Type "SHOW PROOF adva152bad" to see the
proof attempt.

MM> 