Metamath - Version 0.199.pre 29-Jan-2022      Type HELP for help, EXIT to exit.
MM> Continuous scrolling is now in effect.
MM> Reading source file "/home/ubuntu/adva/docs/research/0152-evidence/run-02/proof
s-3.mm"... 113795 bytes
Reading included file "/home/ubuntu/MetaMath/set.mm/set.mm"... 51125969 bytes
51239828 bytes were read into the source buffer.
The source has 250882 statements; 3008 are $a and 47996 are $p.
No errors were found.  However, proofs were not checked.  Type VERIFY PROOF *
if you want to check them.
MM> adva152e0 adva152e1 adva152e2 adva152e3 adva152e4 adva152e5 adva152e6 
adva152e7 adva152e8 adva152e9 adva152e10 adva152e11 adva152e12 
adva152e13 adva152e14 adva152e15 adva152e16 adva152e17 adva152e18 
adva152e19 adva152e20 adva152e21 adva152e22 adva152e23 adva152e24 
adva152e25 adva152e26 adva152e27 adva152e28 adva152e29 adva152e30 
adva152e31 adva152e32 adva152e33 adva152e34 adva152e35 adva152e36 
adva152e37 adva152e38 adva152e39 adva152e40 adva152e41 adva152e42 
adva152e43 adva152e44 adva152e45 adva152e46 adva152e47 adva152e48 
adva152e49 adva152e50 adva152e51 adva152e52 adva152e53 adva152e54 
adva152e55 adva152e56 adva152e57 adva152e58 adva152e59 adva152e60 
adva152e61 adva152e62 adva152e63 adva152e64 adva152e65 adva152e66 
adva152e67 adva152e68 adva152e69 adva152e70 adva152e71 adva152e72 
adva152e73 adva152e74 adva152e75 adva152e76 adva152e77 adva152e78 
adva152e79 adva152e80 adva152e81 adva152e82 adva152e83 adva152e84 
adva152e85 adva152e86 adva152e87 adva152e88 adva152e89 adva152e90 
adva152e91 adva152e92 adva152e93 adva152e94 adva152e95 adva152e96 
adva152e97 adva152e98 adva152e99 adva152e100 adva152e101 adva152e102 
adva152e103 adva152e104 adva152e105 adva152e106 adva152e107 adva152e108 
adva152e109 adva152e110 adva152e111 adva152e112 adva152e113 adva152e114 
adva152e115 adva152e116 adva152e117 adva152e118 adva152e119 adva152e120 
adva152e121 adva152e122 adva152e123 adva152e124 adva152e125 adva152e126 
adva152e127 adva152e128 adva152e129 adva152e130 adva152e131 adva152e132 
adva152e133 adva152e134 adva152e135 adva152e136 adva152e137 adva152e138 
adva152e139 adva152e140 adva152e141 adva152e142 adva152e143 adva152e144 
adva152e145 adva152e146 adva152e147 adva152e148 adva152e149 adva152e150 
adva152e151 adva152e152 adva152e153 adva152e154 adva152e155 adva152e156 
adva152e157 adva152e158 adva152e159 adva152e160 adva152e161 adva152e162 
adva152e163 adva152e164 adva152e165 adva152e166 adva152e167 adva152e168 
adva152e169 adva152e170 adva152e171 adva152e172 adva152e173 adva152e174 
adva152e175 adva152e176 adva152e177 adva152e178 adva152e179 adva152e180 
adva152e181 adva152e182 adva152e183 adva152e184 adva152e185 adva152e186 
adva152e187 adva152e188 adva152e189 adva152e190 adva152e191 adva152e192 
adva152e193 adva152e194 adva152e195 adva152e196 adva152e197 adva152e198 
adva152e199 adva152e200 adva152e201 adva152e202 adva152e203 adva152e204 
adva152e205 adva152e206 adva152e207 adva152e208 adva152e209 adva152e210 
adva152e211 adva152e212 adva152e213 adva152e214 adva152e215 adva152e216 
adva152e217 adva152e218 adva152e219 adva152e220 adva152e221 adva152e222 
adva152e223 adva152e224 adva152e225 adva152e226 adva152e227 adva152e228 
adva152e229 adva152e230 adva152e231 adva152e232 adva152e233 adva152e234 
adva152e235 adva152e236 adva152e237 adva152e238 adva152e239 adva152e240 
adva152e241 adva152e242 adva152e243 adva152e244 adva152e245 adva152e246 
adva152e247 adva152e248 adva152e249 adva152e250 adva152e251 adva152e252 
adva152e253 adva152e254 adva152e255 adva152e256 adva152e257 adva152e258 
adva152e259 adva152e260 adva152e261 adva152e262 adva152e263 adva152e264 
adva152e265 adva152e266 adva152e267 adva152e268 adva152e269 adva152e270 
adva152e271 adva152e272 adva152e273 adva152e274 adva152e275 adva152e276 
adva152e277 adva152e278 adva152e279 adva152e280 adva152e281 adva152e282 
adva152e283 adva152e284 adva152e285 adva152e286 adva152e287 adva152e288 
adva152e289 adva152e290 adva152e291 adva152e292 adva152e293 adva152e294 
adva152e295 adva152e296 adva152e297 adva152e298 adva152e299 adva152e300 
adva152e301 adva152e302 adva152e303 adva152e304 adva152e305 adva152e306 
adva152e307 adva152e308 adva152e309 adva152e310 adva152e311 adva152e312 
adva152e313 adva152e314 adva152e315 adva152e316 adva152e317 adva152e318 
adva152e319 adva152e320 adva152e321 adva152e322 adva152e323 adva152e324 
adva152e325 
MM> 