Metamath - Version 0.199.pre 29-Jan-2022      Type HELP for help, EXIT to exit.
MM> Reading source file "/home/ubuntu/adva/docs/research/0152-evidence/run-01/proof
s-3.mm"... 113795 bytes
Reading included file "/home/ubuntu/MetaMath/set.mm/set.mm"... 51125969 bytes
51239828 bytes were read into the source buffer.
The source has 250882 statements; 3008 are $a and 47996 are $p.
No errors were found.  However, proofs were not checked.  Type VERIFY PROOF *
if you want to check them.
MM> adva152e0 adva152e1 adva152e2 adva152e3 adva152e4 adva152e5 adva152e6 
adva152e7 adva152e8 adva152e9 adva152e10 adva152e11 adva152e12 
adva152e13 adva152e14 adva152e15 adva152e16 adva152e17 adva152e18 
adva152e19 adva152e20 adva152e21 adva152e22 adva152e23 adva152e24 
adva152e25 adva152e26 adva152e27 adva152e28 adva152e29 adva152e30 
adva152e31 adva152e32 adva152e33 adva152e34 adva152e35 adva152e36 
adva152e37 adva152e38 adva152e39 adva152e40 adva152e41 adva152e42 
adva152e43 adva152e44 adva152e45 adva152e46 adva152e47 adva152e48 
adva152e49 adva152e50 adva152e51 adva152e52 adva152e53 adva152e54 
adva152e55 adva152e56 adva152e57 adva152e58 adva152e59 adva152e60 
adva152e61 adva152e62 adva152e63 adva152e64 adva152e65 adva152e66 
adva152e67 adva152e68 adva152e69 adva152e70 adva152e71 adva152e72 
adva152e73 adva152e74 adva152e75 adva152e76 adva152e77 adva152e78 
adva152e79 adva152e80 adva152e81 adva152e82 adva152e83 adva152e84 
adva152e85 adva152e86 adva152e87 adva152e88 adva152e89 adva152e90 
adva152e91 adva152e92 adva152e93 adva152e94 adva152e95 adva152e96 
adva152e97 adva152e98 adva152e99 adva152e100 adva152e101 adva152e102 
adva152e103 adva152e104 adva152e105 adva152e106 adva152e107 adva152e108 
adva152e109 adva152e110 adva152e111 adva152e112 adva152e113 adva152e114 
adva152e115 adva152e116 adva152e117 adva152e118 adva152e119 adva152e120 
adva152e121 adva152e122 adva152e123 adva152e124 adva152e125 adva152e126 
adva152e127 adva152e128 adva152e129 adva152e130 adva152e131 adva152e132 
adva152e133 adva152e134 adva152e135 adva152e136 adva152e137 adva152e138 
Press <return> for more, Q <return> to quit, S <return> to scroll to end... Press <return> for more, Q <return> to quit, S <return> to scroll to end... 