{
  "schema": "iota.adjoint.reference.v1",
  "native_runs": 0,
  "scope": "explicit 2x2 tables of four-slot signed complex coordinates",
  "limits": {
    "lambda_work": 4000000,
    "lambda_wall_seconds": 30
  },
  "P_coordinate_endomorphism_established": false,
  "status": "CheckedWithinDeclaredScope",
  "programs": {
    "transpose2": {
      "characters": 743,
      "sha256": "2fb242a27bc81e81f6ad97f53311ccd1802ed1f83e01a001b7f7f49e0e8d9e85"
    },
    "conjugate2": {
      "characters": 3809,
      "sha256": "6385d1bbbe0b2d510b304ae9aba1a0183e00687e3dcabc421e95eea5e4e5fe0e"
    },
    "adjoint2": {
      "characters": 3791,
      "sha256": "768b99871c83c957d6ce0cd166f318733cba24789ea4d57491bfdf93e95499da"
    }
  },
  "base_result_sha256": "57cf920c54a2196973e7172e611836dab15b414313f4c31fe05d408879b0bf79",
  "assertions": 16,
  "counted_lambda_work": 83862
}
