Metamath - Version 0.199.pre 29-Jan-2022      Type HELP for help, EXIT to exit.
MM> Continuous scrolling is now in effect.
MM> Reading source file "/home/ubuntu/adva/docs/research/0153-evidence/run-01/proof
s-pilot-2.mm"... 15981 bytes
Reading included file "/home/ubuntu/MetaMath/set.mm/set.mm"... 51125969 bytes
51142014 bytes were read into the source buffer.
The source has 250631 statements; 3008 are $a and 47745 are $p.
No errors were found.  However, proofs were not checked.  Type VERIFY PROOF *
if you want to check them.
MM> adva152e0 adva152e1 adva152e2 adva152e3 adva152e4 adva152e5 adva152e6 
adva152e7 adva152e8 adva152e9 adva152e10 adva152e11 adva152e12 
adva152e13 adva152e14 adva152e15 adva152e16 adva152e17 adva152e18 
adva152e19 adva152e20 adva152e21 adva152e22 adva152e23 adva152e24 
adva152e25 adva152e26 adva152e27 adva152e28 adva152e29 adva152e30 
adva152e31 adva152e32 adva152e33 adva152e34 adva152e35 adva152e36 
adva152e37 adva152e38 adva152e39 adva152e40 adva152e41 adva152e42 
adva152e43 adva152e44 adva152e45 adva152e46 adva152e47 adva152e48 
adva152e49 adva152e50 adva152e51 adva152e52 adva152e53 adva152e54 
adva152e55 adva152e56 adva152e57 adva152e58 adva152e59 adva152e60 
adva152e61 adva152e62 adva152e63 adva152e64 adva152e65 adva152e66 
adva152e67 adva152e68 adva152e69 adva152e70 adva152e71 adva152e72 
adva152e73 adva152e74 
MM> 