    Updating crates.io index
 Downloading crates ...
  Downloaded cpufeatures v0.3.1
  Downloaded arrayvec v0.7.8
  Downloaded autocfg v1.5.1
  Downloaded find-msvc-tools v0.1.12
  Downloaded cfg-if v1.0.4
  Downloaded itoa v1.0.18
  Downloaded cc v1.4.5
  Downloaded constant_time_eq v0.4.2
  Downloaded memchr v2.8.3
  Downloaded blake3 v1.8.7
  Downloaded unicode-ident v1.0.24
  Downloaded num-bigint v0.4.8
  Downloaded proc-macro2 v1.0.107
  Downloaded shlex v2.0.1
  Downloaded serde_json v1.0.151
  Downloaded num-traits v0.2.19
  Downloaded quote v1.0.47
  Downloaded num-integer v0.1.47
  Downloaded thiserror-impl v2.0.20
  Downloaded serde_derive v1.0.229
  Downloaded serde v1.0.229
  Downloaded thiserror v2.0.20
  Downloaded serde_core v1.0.229
  Downloaded syn v3.0.5
  Downloaded zmij v1.0.23
   Compiling proc-macro2 v1.0.107
   Compiling quote v1.0.47
   Compiling unicode-ident v1.0.24
   Compiling serde_core v1.0.229
   Compiling autocfg v1.5.1
   Compiling serde v1.0.229
   Compiling zmij v1.0.23
   Compiling serde_json v1.0.151
   Compiling thiserror v2.0.20
   Compiling shlex v2.0.1
   Compiling find-msvc-tools v0.1.12
   Compiling itoa v1.0.18
   Compiling memchr v2.8.3
   Compiling num-traits v0.2.19
   Compiling cc v1.4.5
   Compiling constant_time_eq v0.4.2
   Compiling cpufeatures v0.3.1
   Compiling cfg-if v1.0.4
   Compiling arrayvec v0.7.8
   Compiling syn v3.0.5
   Compiling num-integer v0.1.47
   Compiling blake3 v1.8.7
   Compiling serde_derive v1.0.229
   Compiling thiserror-impl v2.0.20
   Compiling adva-ir v0.1.0 (/workspace/scratch/d24817ee5c18/g4-fresh-01/dependencies/machine/crates/adva-ir)
   Compiling num-bigint v0.4.8
   Compiling adva-lisp v0.1.0 (/workspace/scratch/d24817ee5c18/g4-fresh-01/dependencies/machine/crates/adva-lisp)
   Compiling adva-witness v0.1.0 (/workspace/scratch/d24817ee5c18/g4-fresh-01/dependencies/machine/crates/adva-witness)
    Finished `release` profile [optimized] target(s) in 1m 11s
