{
  "schema": "adva.machine.report.v0",
  "engine": "rust",
  "profile": "data-machine-v0",
  "request_sha256": "ed8f1e4a4eacd48bd3edfba9cf86818ccffe6c5c4a6c4dcf3b0947e25c98bf02",
  "verification": {
    "status": "NativeReplayPassed",
    "verified_steps": 21,
    "artifact": "run/reception.adva"
  },
  "binary_sha256": "f7de75e45a1112118aef2907aef663b3301a8ee701d393019b303f4297a3a0a5",
  "outcome": {
    "kind": "Rejected",
    "stage": "execution",
    "reason": "unsupported object tag"
  },
  "native_status": "Rejected",
  "native_profile": "6e8427f5c1872067377a06bc5830f926e8f39c13017f902ddeb58e509466d46b",
  "execution": {
    "artifact": "run/execution.adva",
    "sha256": "f68e3bf76bdfcf76019e4524087d1b598128bbbee8d937ab34d3d6c290ebc447",
    "steps": 21
  },
  "authority": "Rust admission and native replay; Python report is an external adapter",
  "cost": {
    "wall_seconds": 0.025425607999750355,
    "cpu_seconds_including_children": 0.020824999999999996,
    "artifact_bytes_before_report": 27669,
    "native_calls": 3,
    "child_calls": [
      {
        "label": "run/admission",
        "native": true,
        "status": "Exited",
        "address_space_limit_installed": true,
        "exit_code": 0,
        "wall_seconds": 0.005111702000249352
      },
      {
        "label": "run/execution",
        "native": true,
        "status": "Exited",
        "address_space_limit_installed": true,
        "exit_code": 2,
        "wall_seconds": 0.004450435000308062
      },
      {
        "label": "run/reception",
        "native": true,
        "status": "Exited",
        "address_space_limit_installed": true,
        "exit_code": 0,
        "wall_seconds": 0.004200338999908126
      }
    ],
    "limits": {
      "wall_seconds": 30,
      "cpu_seconds": 25,
      "child_launches": 3,
      "native_launches": 3,
      "address_space_limit_installed": true,
      "artifact_bytes": 134217728,
      "address_space_per_child": 1073741824
    }
  }
}
